// Jest Snapshot v1, https://goo.gl/fbAQLP

exports[`<DirectionInfo /> component should match the snapshot 1`] = `
<div
  className="direction-info"
>
  <div
    className="route-distance"
  >
    <label>
      Total distance: undefined
    </label>
  </div>
  <div
    className="route-time"
  >
    <label>
      Total time: undefined
    </label>
  </div>
</div>
`;
